=== src tree ===
total 16
drwxr-xr-x  10 jason  staff   320  6 Jun 16:24 .
drwxr-xr-x  16 jason  staff   512  6 Jun 16:24 ..
-rw-r--r--   1 jason  staff  1466  6 Jun 16:24 bin.ts
drwxr-xr-x   6 jason  staff   192  6 Jun 16:24 cli
drwxr-xr-x   9 jason  staff   288  6 Jun 16:24 commands
drwxr-xr-x   6 jason  staff   192  6 Jun 16:24 formatters
-rw-r--r--   1 jason  staff  1263  6 Jun 16:24 index.ts
drwxr-xr-x   4 jason  staff   128  6 Jun 16:24 parsers
drwxr-xr-x   5 jason  staff   160  6 Jun 16:24 schema
drwxr-xr-x   4 jason  staff   128  6 Jun 16:24 services
=== src/commands ===
examples.ts
generate.ts
list.ts
scan.ts
schema.ts
search.ts
update.ts
=== src/cli ===
error-handler.ts
flags.ts
mode.ts
program.ts
=== src/formatters ===
dry-run.ts
human.ts
json.ts
ndjson.ts
=== src/parsers ===
flags.ts
stdin.ts
=== src/services ===
cache.service.ts
git.service.ts
=== errors.ts lines 16-103 ===
4
=== names of error classes in range ===
export class ValidationError extends Error {
export class GitError extends Error {
export class FsError extends Error {
export class BusinessError extends Error {
=== check exitCode readonly ===
17:  readonly exitCode = 1;
41:  readonly exitCode = 2;
65:  readonly exitCode = 3;
89:  readonly exitCode = 4;
=== check toJSON presence ===
4
