=== Existence (5) ===
PASS: eval.md exists
PASS: validate.md exists
PASS: verify.md exists
PASS: fixture gapped-requirements.md exists
PASS: fixture expected-validate-report.md exists

=== eval.md rubric spine (5) ===
PASS: 8 axis H2s present (count=8, min=8)
PASS: Citation Convention H2 present (count=1, min=1)
PASS: 8 Pass Criteria blocks (count=8, min=8)
PASS: 8 Common Evidence blocks (count=8, min=8)
PASS: 8 Failure Symptoms blocks (count=8, min=8)

=== validate.md spec shape (6) ===
PASS: validate.md cites eval.md (count=4, min=3)
PASS: validate.md cites AGENTS.md by name (count=3, min=2)
PASS: validate.md has Report Format section (count=1, min=1)
PASS: validate.md has Worked Example section (count=1, min=1)
PASS: validate.md has Error Catalog section (count=1, min=1)
PASS: validate.md has Strict Rule section (count=1, min=1)

=== verify.md spec shape (7) ===
PASS: verify.md cites eval.md (count=20, min=3)
PASS: verify.md cites AGENTS.md by name (count=3, min=2)
PASS: verify.md has Report Format section (count=1, min=1)
PASS: verify.md has Worked Example section (count=1, min=1)
PASS: verify.md has Error Catalog section (count=1, min=1)
PASS: verify.md has Strict Rule section (count=1, min=1)
PASS: verify.md has 8 per-axis H3 procedures (count=8, min=8)

=== Fixture contract (5) ===
PASS: fixture has 5 R### H3 entries (count=5, min=5)
PASS: fixture has no Axis: 5 tag (deliberate gap) (zero matches)
PASS: fixture marks Axis 7 + Axis 8 out-of-scope (count=3, min=2)
PASS: expected report: verdict: fail (count=1, min=1)
PASS: expected report: error_count: 1 (count=1, min=1)
PASS: expected report: UNCOVERED row(s) present (count=4, min=1)

=== R011: no imperative .gsd/ write instructions (3) ===
PASS: eval.md no imperative-writes (zero matches)
PASS: validate.md no imperative-writes (zero matches)
PASS: verify.md no imperative-writes (zero matches)

=== R012: no harness tokens (6) ===
PASS: eval.md: no /gsd-* tokens (zero matches)
PASS: validate.md: no /gsd-* tokens (zero matches)
PASS: verify.md: no /gsd-* tokens (zero matches)
PASS: eval.md: no gsd_* tool names (zero matches)
PASS: validate.md: no gsd_* tool names (zero matches)
PASS: verify.md: no gsd_* tool names (zero matches)

=== R013: stable axis IDs (6) ===
PASS: eval.md: no #axis-N anchors (zero matches)
PASS: validate.md: no #axis-N anchors (zero matches)
PASS: verify.md: no #axis-N anchors (zero matches)
PASS: eval.md: no actionable references/X.md# deep links (zero actionable matches after meta-mention carveout)
PASS: validate.md: no actionable references/X.md# deep links (zero actionable matches after meta-mention carveout)
PASS: verify.md: no actionable references/X.md# deep links (zero actionable matches after meta-mention carveout)

=== Roadmap success criterion (3) ===
PASS: fixture+expected pair on disk
PASS: fixture has deliberate Axis 5 gap marker (count=2, min=1)
PASS: expected report has Axis 5 UNCOVERED detail (count=1, min=1)

================================
TOTAL: 47  PASSED: 47  FAILED: 0
ALL ASSERTIONS PASSED
