=== 1. All 5 reference files exist ===
PASS: skills/agent-first-cli/references/stack.md exists
PASS: skills/agent-first-cli/references/features.md exists
PASS: skills/agent-first-cli/references/architecture.md exists
PASS: skills/agent-first-cli/references/pitfalls.md exists
PASS: skills/agent-first-cli/references/requirements.md exists

=== 2. requirements.md: ≥8 R###s, all 8 axes ===
PASS: ≥8 starter R### blocks (12)
PASS: all 8 axes in requirements.md

=== 3. requirements.md references AGENTS.md by role ===
PASS: AGENTS.md referenced by role

=== 4. features.md has ## Cross-Check vs REQUIREMENTS.md ===
PASS: present

=== 5. pitfalls.md: ≥8 pitfalls, all 8 axes ===
FAIL: fewer than 8 (0)
PASS: all 8 axes in pitfalls.md

=== 6. R013: stable axis IDs only — no #axis-N anchors, no eval.md#axis-N ===
PASS: no forbidden anchors

=== 7. R011: no imperative .gsd/ write instructions ===
PASS: none

=== 8. R012: no gsd-pi coupling tokens ===
PASS: none

=== 9. Per-file line counts (soft ≤250) ===
NOTE: stack.md: 50 lines
NOTE: features.md: 168 lines
NOTE: architecture.md: 81 lines
NOTE: pitfalls.md: 97 lines
NOTE: requirements.md: 158 lines

=== 10. Each file has stable axis citations ===
PASS: stack.md: 22 citations
PASS: features.md: 48 citations
PASS: architecture.md: 13 citations
PASS: pitfalls.md: 8 citations
PASS: requirements.md: 17 citations

=== 11. shape-match: GSD-template-style headers ===
PASS: requirements.md shape
PASS: features.md shape
PASS: stack.md shape
FAIL: architecture.md shape
FAIL: pitfalls.md shape

=== 12. GSD-template block format in requirements.md (corrected field names) ===
PASS: Class: 12 (≥8)
PASS: Status: 12 (≥8)
PASS: Description: 12 (≥8)
PASS: Why it matters: 12 (≥8)
PASS: Source: 12 (≥8)

=========================
TOTAL FAILURES: 3
=========================

FINAL: 3
