============================================================
S03 verification: PASSED 81/81 checks
============================================================
[PASS] existence: stack.md
[PASS] existence: features.md
[PASS] existence: architecture.md
[PASS] existence: pitfalls.md
[PASS] existence: requirements.md
[PASS] header: requirements.md :: ## How to Use This File
[PASS] header: requirements.md :: ## Starter Requirements
[PASS] header: requirements.md :: ## Out-of-Scope
[PASS] header: requirements.md :: ## Coverage Table
[PASS] header: features.md :: ## Discoverability Features
[PASS] header: features.md :: ## Invocation Features
[PASS] header: features.md :: ## I/O Features
[PASS] header: features.md :: ## State Features
[PASS] header: features.md :: ## Error Features
[PASS] header: features.md :: ## Exit Code Features
[PASS] header: features.md :: ## Idempotency Features
[PASS] header: features.md :: ## Examples Features
[PASS] header: features.md :: ## Differentiators
[PASS] header: features.md :: ## Anti-Features
[PASS] header: features.md :: ## Cross-Check vs REQUIREMENTS.md
[PASS] header: stack.md :: ## Recommended Stack
[PASS] header: stack.md :: ## Alternatives Considered
[PASS] header: stack.md :: ## What NOT to Use
[PASS] header: stack.md :: ## Open Questions
[PASS] header: architecture.md :: ## Recommended Architecture
[PASS] header: architecture.md :: ## Data Model Sketch
[PASS] header: architecture.md :: ## Integration Points
[PASS] header: architecture.md :: ## Scaling Tier
[PASS] header: architecture.md :: ## Reversibility Risk
[PASS] header: pitfalls.md :: ## Domain Pitfalls
[PASS] header: pitfalls.md :: ## Stack Pitfalls
[PASS] header: pitfalls.md :: ## Scope Traps
[PASS] header: pitfalls.md :: ## Compliance / Security Gotchas
[PASS] header: pitfalls.md :: ## Migration Pitfalls
[PASS] axis-tag: requirements.md :: Axis 1
[PASS] axis-tag: requirements.md :: Axis 2
[PASS] axis-tag: requirements.md :: Axis 3
[PASS] axis-tag: requirements.md :: Axis 4
[PASS] axis-tag: requirements.md :: Axis 5
[PASS] axis-tag: requirements.md :: Axis 6
[PASS] axis-tag: requirements.md :: Axis 7
[PASS] axis-tag: requirements.md :: Axis 8
[PASS] R013: no axis-[0-9]: stack.md
[PASS] R013: no references/x.md# deep links: stack.md
[PASS] R013: no axis-[0-9]: features.md
[PASS] R013: no references/x.md# deep links: features.md
[PASS] R013: no axis-[0-9]: architecture.md
[PASS] R013: no references/x.md# deep links: architecture.md
[PASS] R013: no axis-[0-9]: pitfalls.md
[PASS] R013: no references/x.md# deep links: pitfalls.md
[PASS] R013: no axis-[0-9]: requirements.md
[PASS] R013: no references/x.md# deep links: requirements.md
[PASS] R011: no .gsd/ write imperative: stack.md
[PASS] R011: no .gsd/ write imperative: features.md
[PASS] R011: no .gsd/ write imperative: architecture.md
[PASS] R011: no .gsd/ write imperative: pitfalls.md
[PASS] R011: no .gsd/ write imperative: requirements.md
[PASS] R012: no /gsd- token: stack.md
[PASS] R012: no gsd_* token: stack.md
[PASS] R012: no gsd.db token: stack.md
[PASS] R012: no gsd-pi token: stack.md
[PASS] R012: no /gsd- token: features.md
[PASS] R012: no gsd_* token: features.md
[PASS] R012: no gsd.db token: features.md
[PASS] R012: no gsd-pi token: features.md
[PASS] R012: no /gsd- token: architecture.md
[PASS] R012: no gsd_* token: architecture.md
[PASS] R012: no gsd.db token: architecture.md
[PASS] R012: no gsd-pi token: architecture.md
[PASS] R012: no /gsd- token: pitfalls.md
[PASS] R012: no gsd_* token: pitfalls.md
[PASS] R012: no gsd.db token: pitfalls.md
[PASS] R012: no gsd-pi token: pitfalls.md
[PASS] R012: no /gsd- token: requirements.md
[PASS] R012: no gsd_* token: requirements.md
[PASS] R012: no gsd.db token: requirements.md
[PASS] R012: no gsd-pi token: requirements.md
[PASS] AGENTS.md ref: requirements.md
[PASS] Cross-Check section + R### ids: features.md
[PASS] coverage rows: requirements.md -- rows=8
[PASS] pitfalls count: pitfalls.md -- count=8


--- Soft checks (informational only) ---
length: stack.md = 50 lines
length: features.md = 168 lines
length: architecture.md = 81 lines
length: pitfalls.md = 97 lines
length: requirements.md = 158 lines
============================================================
Summary: 81 passed, 0 failed, 81 total
