▶ S05 README evidence table
  ✔ README exists and is non-empty (2.76275ms)
  ✔ evidence table has exactly 8 axis rows in axis-aligned order (1.3865ms)
  ✔ every cited gitignorer path resolves to an existing file (1.176417ms)
  ✔ Axis 5 cited line range (errors.ts:16-103) contains all 4 error classes (0.384209ms)
  ✔ no #axis-N anchor form appears anywhere in the README (0.38875ms)
  ✔ no real references/<file>.md# deep-link appears in the README (0.384125ms)
  ✔ no harness-coupling tokens (gsd_*, /gsd, imperative .gsd/ writes) (2.334042ms)
  ✔ submodule init snippet is present (0.320042ms)
  ✔ README mentions AGENTS.md at least once (strict-rule back-pointer) (0.300792ms)
  ✔ README mentions eval.md at least once (canonical axis list back-pointer) (0.370334ms)
✔ S05 README evidence table (10.603458ms)
ℹ tests 10
ℹ suites 1
ℹ pass 10
ℹ fail 0
ℹ cancelled 0
ℹ skipped 0
ℹ todo 0
ℹ duration_ms 60.343583
---EXIT:0---
