[01] PASS: eval.md exists
[02] PASS: validate.md exists
[03] PASS: verify.md exists
[04] PASS: gapped-requirements.md exists
[05] PASS: expected-validate-report.md exists
[06] PASS: eval.md 100-250 lines (actual=     232)
[07] PASS: validate.md 100-200 lines (actual=     131)
[08] PASS: verify.md 100-200 lines (actual=     193)
[09] PASS: validate.md contains 'eval.md'
[10] PASS: verify.md contains 'eval.md'
[11] PASS: eval.md has NO routing-table row (no | eval |)
[12] FAIL: SKILL.md calls eval.md 'not a sub-command'
[13] PASS: validate.md contains 'AGENTS.md'
[14] PASS: verify.md contains 'AGENTS.md'
[15] PASS: validate.md does NOT re-enumerate 8 axes inline (count of '## Axis' H2 headers: 0)
[16] FAIL: verify.md does NOT re-declare strict rule from AGENTS.md (count: 2)
[17] PASS: validate.md contains '## Report Format'
[18] PASS: validate.md contains fenced YAML with 'verdict:'
[19] FAIL: validate.md contains '## Axis Coverage Audit'
[20] FAIL: validate.md contains '## Per-Axis Detail'
[21] PASS: validate.md has Worked-Example section header
[22] PASS: verify.md has Worked-Example section header mentioning gitignorer
[23] PASS: verify.md cites >=4 distinct gitignorer paths (actual:        5)
[24] PASS: validate.md documents BOTH Status: out-of-scope form (1) AND Notes-token form (5)
[25] PASS: validate.md has '## Error Catalog' and lists uncovered-axis/orphan-r###/out-of-scope-without-reason (catalog: 1, errs: 11)
[26] PASS: verify.md has '## Error Catalog' and lists uncovered-axis-impl (catalog: 1, errs: 3)
[27] FAIL: no imperative .gsd/ write instructions across all 5 files (hits: 2)
[28] PASS: no harness-coupling tokens across all 5 files (hits: 0)
[29] PASS: no anchor-style axis refs '#axis-N' across eval/validate/verify (hits: 0)
[30] FAIL: no file#section deep links 'references/X.md#' across eval/validate/verify (hits: 1)
[31] PASS: eval.md has exactly 8 '## Axis N:' H2 headers (actual: 8)
[32] FAIL: gapped-requirements.md has exactly 5 R### blocks (actual: 0)
[33] PASS: gapped-requirements.md contains 'Axis: 5' ZERO times (the deliberate gap; actual: 0)
[34] PASS: expected-validate-report.md contains verdict: fail (1) AND error_count: 1 (1)

================================
TOTAL: 34  PASSED: 27  FAILED: 7
================================
FAILED ASSERTIONS:
  - 12: SKILL.md calls eval.md 'not a sub-command'
  - 16: verify.md does NOT re-declare strict rule from AGENTS.md (count: 2)
  - 19: validate.md contains '## Axis Coverage Audit'
  - 20: validate.md contains '## Per-Axis Detail'
  - 27: no imperative .gsd/ write instructions across all 5 files (hits: 2)
  - 30: no file#section deep links 'references/X.md#' across eval/validate/verify (hits: 1)
  - 32: gapped-requirements.md has exactly 5 R### blocks (actual: 0)
